// Jest Snapshot v1, https://goo.gl/fbAQLP

exports[`should render well 1`] = `
<div
  className="app"
>
  <section
    className="ant-layout"
  >
    <header
      className="ant-layout-header header"
    >
      <a
        className="link"
        href="https://github.com/CyanWaters"
        target="popup"
      >
        <span
          aria-label="github"
          className="anticon anticon-github"
          role="img"
        >
          <svg
            aria-hidden="true"
            data-icon="github"
            fill="currentColor"
            focusable="false"
            height="1em"
            viewBox="64 64 896 896"
            width="1em"
          >
            <path
              d="M511.6 76.3C264.3 76.2 64 276.4 64 523.5 64 718.9 189.3 885 363.8 946c23.5 5.9 19.9-10.8 19.9-22.2v-77.5c-135.7 15.9-141.2-73.9-150.3-88.9C215 726 171.5 718 184.5 703c30.9-15.9 62.4 4 98.9 57.9 26.4 39.1 77.9 32.5 104 26 5.7-23.5 17.9-44.5 34.7-60.8-140.6-25.2-199.2-111-199.2-213 0-49.5 16.3-95 48.3-131.7-20.4-60.5 1.9-112.3 4.9-120 58.1-5.2 118.5 41.6 123.2 45.3 33-8.9 70.7-13.6 112.9-13.6 42.4 0 80.2 4.9 113.5 13.9 11.3-8.6 67.3-48.8 121.3-43.9 2.9 7.7 24.7 58.3 5.5 118 32.4 36.8 48.9 82.7 48.9 132.3 0 102.2-59 188.1-200 212.9a127.5 127.5 0 0138.1 91v112.5c.8 9 0 17.9 15 17.9 177.1-59.7 304.6-227 304.6-424.1 0-247.2-200.4-447.3-447.5-447.3z"
            />
          </svg>
        </span>
         GitHub
      </a>
      <div
        className="float-right link"
      >
        <span
          className="anticon"
          role="img"
        >
          <svg
            aria-hidden="true"
            className=""
            fill="currentColor"
            focusable="false"
            height="1em"
            width="1em"
          >
            <use
              xlinkHref="#icon-tuichu"
            />
          </svg>
        </span>
      </div>
      <div
        className="clear-float"
      />
    </header>
    <main
      className="ant-layout-content"
    >
      <div>
        <p
          className="field-name"
        >
          Repoitory Name:
        </p>
        <input
          className="ant-input"
          data-testid="repoName"
          onBlur={[Function]}
          onChange={[Function]}
          onFocus={[Function]}
          onKeyDown={[Function]}
          placeholder="Repo Name"
          type="text"
          value=""
        />
      </div>
      <div>
        <p
          className="field-name"
        >
           Per Page Count:
        </p>
        <input
          className="ant-input"
          min={1}
          onBlur={[Function]}
          onChange={[Function]}
          onFocus={[Function]}
          onKeyDown={[Function]}
          placeholder="Count"
          type="number"
          value={30}
        />
      </div>
      <div>
        <p
          className="field-name"
        >
           Page:
        </p>
        <input
          className="ant-input ant-input-disabled"
          disabled={true}
          min={1}
          onBlur={[Function]}
          onChange={[Function]}
          onFocus={[Function]}
          onKeyDown={[Function]}
          placeholder="Page"
          type="number"
          value={1}
        />
      </div>
      <div
        className="field-name no-data"
      >
        <span
          aria-label="file"
          className="anticon anticon-file"
          role="img"
        >
          <svg
            aria-hidden="true"
            data-icon="file"
            fill="currentColor"
            focusable="false"
            height="1em"
            viewBox="64 64 896 896"
            width="1em"
          >
            <path
              d="M854.6 288.6L639.4 73.4c-6-6-14.1-9.4-22.6-9.4H192c-17.7 0-32 14.3-32 32v832c0 17.7 14.3 32 32 32h640c17.7 0 32-14.3 32-32V311.3c0-8.5-3.4-16.7-9.4-22.7zM790.2 326H602V137.8L790.2 326zm1.8 562H232V136h302v216a42 42 0 0042 42h216v494z"
            />
          </svg>
        </span>
        No Data
      </div>
    </main>
  </section>
</div>
`;
