// Jest Snapshot v1, https://goo.gl/fbAQLP

exports[`should render well 1`] = `
Array [
  " ",
  <div
    className="data-loading"
  >
    Loading..
  </div>,
]
`;
